[alioth-html.pethemes.com/light/index.html]
[backblue.gif]
[fade.gif]
[index.html]
[alioth-html.pethemes.com/light/css/plugins.css]
[alioth-html.pethemes.com/light/style.css]
[alioth-html.pethemes.com/light/img/favicon.png]
[alioth-html.pethemes.com/light/img/site-logo.png]
[alioth-html.pethemes.com/light/img/site-logo-light.png]
[alioth-html.pethemes.com/light/home-personal.html]
[alioth-html.pethemes.com/light/home-showcase-carousel.html]
[alioth-html.pethemes.com/light/home-showcase-list.html]
[alioth-html.pethemes.com/light/home-showcase-slideshow.html]
[alioth-html.pethemes.com/light/home-showcase-wall.html]
[alioth-html.pethemes.com/light/home-fullscreen-slider.html]
[alioth-html.pethemes.com/light/home-fullscreen-slideshow.html]
[alioth-html.pethemes.com/light/home-fullscreen-wall.html]
[alioth-html.pethemes.com/light/home-shop.html]
[alioth-html.pethemes.com/light/about.html]
[alioth-html.pethemes.com/light/about-me.html]
[alioth-html.pethemes.com/light/our-team.html]
[alioth-html.pethemes.com/light/clients.html]
[alioth-html.pethemes.com/light/our-services.html]
[alioth-html.pethemes.com/light/404-not-found.html]
[alioth-html.pethemes.com/light/works.html]
[alioth-html.pethemes.com/light/blog-list.html]
[alioth-html.pethemes.com/light/blog-classic.html]
[alioth-html.pethemes.com/light/single-post.html]
[alioth-html.pethemes.com/light/products.html]
[alioth-html.pethemes.com/light/single-product.html]
[alioth-html.pethemes.com/light/cart.html]
[alioth-html.pethemes.com/light/checkout.html]
[alioth-html.pethemes.com/light/contact.html]
[alioth-html.pethemes.com/light/project-5.html]
[alioth-html.pethemes.com/light/img/projects/project-5/project_featured_image.jpg]
[alioth-html.pethemes.com/light/project-6.html]
[alioth-html.pethemes.com/light/img/projects/project-6/project_featured_image.jpg]
[alioth-html.pethemes.com/light/project-9.html]
[alioth-html.pethemes.com/light/img/projects/project-9/project_featured_image.jpg]
[alioth-html.pethemes.com/light/project-3.html]
[alioth-html.pethemes.com/light/img/projects/project-3/project_featured_image.jpg]
[alioth-html.pethemes.com/light/project-2.html]
[alioth-html.pethemes.com/light/img/projects/project-2/project_featured_image.jpg]
[alioth-html.pethemes.com/light/project-1.html]
[alioth-html.pethemes.com/light/img/projects/project-1/project-featured-image.jpg]
[alioth-html.pethemes.com/light/img/client_01-dark.png]
[alioth-html.pethemes.com/light/img/client_02-dark.png]
[alioth-html.pethemes.com/light/img/client_03-dark.png]
[alioth-html.pethemes.com/light/img/client_04-dark.png]
[alioth-html.pethemes.com/light/img/client_05-dark.png]
[alioth-html.pethemes.com/light/img/client_06-dark.png]
[alioth-html.pethemes.com/light/img/client_10-dark.png]
[alioth-html.pethemes.com/light/img/client_11-dark.png]
[alioth-html.pethemes.com/light/img/post_01.jpg]
[alioth-html.pethemes.com/light/img/post_02.jpg]
[alioth-html.pethemes.com/light/img/post_03.jpg]
[alioth-html.pethemes.com/light/img/footer-logo.png]
[alioth-html.pethemes.com/cdn-cgi/scripts/5c5dd728/cloudflare-static/email-decode.min.js]
[alioth-html.pethemes.com/light/js/jquery.min.js]
[alioth-html.pethemes.com/light/js/plugins.js]
[alioth-html.pethemes.com/light/js/barba.js]
[alioth-html.pethemes.com/light/js/locomotive-scroll.min.js]
[alioth-html.pethemes.com/light/js/gsap.js]
[alioth-html.pethemes.com/light/index.html]
[alioth-html.pethemes.com/light/js/scripts.js]
[alioth-html.pethemes.com/light/css/fonts/icofont.woff2]
[alioth-html.pethemes.com/light/css/plugins.css]
[alioth-html.pethemes.com/light/style.css]
[alioth-html.pethemes.com/light/css/fonts/icofont.woff]
[alioth-html.pethemes.com/light/img/hme-persona_portrait.png]
[alioth-html.pethemes.com/light/img/cs-sign-light.png]
[alioth-html.pethemes.com/light/project-4.html]
[alioth-html.pethemes.com/light/home-personal.html]
[alioth-html.pethemes.com/light/project-8.html]
[alioth-html.pethemes.com/light/project-7.html]
[alioth-html.pethemes.com/light/img/projects/project-8/project_featured_image.jpg]
[alioth-html.pethemes.com/light/img/light_agency_4.jpg]
[alioth-html.pethemes.com/light/home-showcase-carousel.html]
[alioth-html.pethemes.com/light/img/about-us-light-1.jpg]
[alioth-html.pethemes.com/light/img/about-us-light-2.jpg]
[alioth-html.pethemes.com/light/img/about-us-light-3.jpg]
[alioth-html.pethemes.com/light/img/light_agency_1.jpg]
[alioth-html.pethemes.com/light/img/client_07-dark.png]
[alioth-html.pethemes.com/light/img/client_08-dark.png]
[alioth-html.pethemes.com/light/img/client_09-dark.png]
[alioth-html.pethemes.com/light/img/client_12-dark.png]
[alioth-html.pethemes.com/light/home-showcase-list.html]
[alioth-html.pethemes.com/light/home-showcase-slideshow.html]
[alioth-html.pethemes.com/light/img/light_agency_2.jpg]
[alioth-html.pethemes.com/light/img/light_agency_3.jpg]
[alioth-html.pethemes.com/light/home-showcase-wall.html]
[alioth-html.pethemes.com/light/home-fullscreen-slider.html]
[alioth-html.pethemes.com/light/home-fullscreen-slideshow.html]
[alioth-html.pethemes.com/light/home-fullscreen-wall.html]
[alioth-html.pethemes.com/light/img/product_1.jpg]
[alioth-html.pethemes.com/light/img/product_2.jpg]
[alioth-html.pethemes.com/light/img/product_3.jpg]
[alioth-html.pethemes.com/light/img/product_4.jpg]
[alioth-html.pethemes.com/light/img/product_5.jpg]
[alioth-html.pethemes.com/light/img/product_6.jpg]
[alioth-html.pethemes.com/light/img/product_7.jpg]
[alioth-html.pethemes.com/light/img/product_8.jpg]
[alioth-html.pethemes.com/light/img/shop_cat_1.jpg]
[alioth-html.pethemes.com/light/img/shop_cat_4.jpg]
[alioth-html.pethemes.com/light/img/shop_cat_2.jpg]
[alioth-html.pethemes.com/light/img/shop_cat_3.jpg]
[alioth-html.pethemes.com/light/img/home_product_1.jpg]
[alioth-html.pethemes.com/light/img/home_product_2.jpg]
[alioth-html.pethemes.com/light/img/home_product_3.jpg]
[alioth-html.pethemes.com/light/img/home_product_4.jpg]
[alioth-html.pethemes.com/light/img/home_product_5.jpg]
[alioth-html.pethemes.com/light/home-shop.html]
[alioth-html.pethemes.com/light/img/member_1.jpg]
[alioth-html.pethemes.com/light/img/member_2.jpg]
[alioth-html.pethemes.com/light/img/member_9.jpg]
[alioth-html.pethemes.com/light/img/member_3.jpg]
[alioth-html.pethemes.com/light/img/member_4.jpg]
[alioth-html.pethemes.com/light/img/member_8.jpg]
[alioth-html.pethemes.com/light/img/member_5.jpg]
[alioth-html.pethemes.com/light/img/member_6.jpg]
[alioth-html.pethemes.com/light/about.html]
[alioth-html.pethemes.com/light/img/about-me-light-2.jpg]
[alioth-html.pethemes.com/light/img/about-me-light-1.jpg]
[alioth-html.pethemes.com/light/about-me.html]
[alioth-html.pethemes.com/light/img/member_7.jpg]
[alioth-html.pethemes.com/light/our-team.html]
[alioth-html.pethemes.com/light/clients.html]
[alioth-html.pethemes.com/light/our-services.html]
[alioth-html.pethemes.com/light/404-not-found.html]
[alioth-html.pethemes.com/light/works.html]
[alioth-html.pethemes.com/light/img/post_04.jpg]
[alioth-html.pethemes.com/light/img/post_05.jpg]
[alioth-html.pethemes.com/light/img/post_06.jpg]
[alioth-html.pethemes.com/light/img/post_07.jpg]
[alioth-html.pethemes.com/light/img/post_08.jpg]
[alioth-html.pethemes.com/light/img/post_09.jpg]
[alioth-html.pethemes.com/light/blog-list.html]
[alioth-html.pethemes.com/light/blog-classic.html]
[alioth-html.pethemes.com/light/img/single_post_featured.jpg]
[alioth-html.pethemes.com/light/single-post.html]
[alioth-html.pethemes.com/light/img/post_10.jpg]
[alioth-html.pethemes.com/light/products.html]
[alioth-html.pethemes.com/light/img/product_8_1.jpg]
[alioth-html.pethemes.com/light/img/product_8_2.jpg]
[alioth-html.pethemes.com/light/img/product_8_3.jpg]
[alioth-html.pethemes.com/light/single-product.html]
[alioth-html.pethemes.com/light/cart.html]
[alioth-html.pethemes.com/light/checkout.html]
[alioth-html.pethemes.com/light/img/contact-img.jpg]
[alioth-html.pethemes.com/light/contact.html]
[alioth-html.pethemes.com/light/img/projects/project-5/image_2.jpg]
[alioth-html.pethemes.com/light/img/projects/project-5/image_3.jpg]
[alioth-html.pethemes.com/light/img/projects/project-5/image_4.jpg]
[alioth-html.pethemes.com/light/img/projects/project-5/image_5.jpg]
[alioth-html.pethemes.com/light/img/projects/project-5/image_6.jpg]
[alioth-html.pethemes.com/light/img/projects/project-5/image_7.jpg]
[alioth-html.pethemes.com/light/img/projects/project-5/image_8.jpg]
[alioth-html.pethemes.com/light/img/projects/project-5/image_9.jpg]
[alioth-html.pethemes.com/light/img/projects/project-5/image_10.jpg]
[alioth-html.pethemes.com/light/img/projects/project-5/image_11.jpg]
[alioth-html.pethemes.com/light/img/projects/project-5/image_12.jpg]
[alioth-html.pethemes.com/light/project-5.html]
[alioth-html.pethemes.com/light/img/projects/project-6/image_2.jpg]
[alioth-html.pethemes.com/light/img/projects/project-6/image_3.jpg]
[alioth-html.pethemes.com/light/img/projects/project-6/image_4.jpg]
[alioth-html.pethemes.com/light/img/projects/project-6/image_5.jpg]
[alioth-html.pethemes.com/light/img/projects/project-6/image_6.jpg]
[alioth-html.pethemes.com/light/img/projects/project-6/image_7.jpg]
[alioth-html.pethemes.com/light/img/projects/project-6/image_8.jpg]
[alioth-html.pethemes.com/light/img/projects/project-6/image_9.jpg]
[alioth-html.pethemes.com/light/img/projects/project-6/image_10.jpg]
[alioth-html.pethemes.com/light/img/projects/project-6/image_11.jpg]
[alioth-html.pethemes.com/light/img/projects/project-6/image_12.jpg]
[alioth-html.pethemes.com/light/project-6.html]
[alioth-html.pethemes.com/light/img/projects/project-9/image_1.jpg]
[alioth-html.pethemes.com/light/img/projects/project-9/image_2.jpg]
[alioth-html.pethemes.com/light/img/projects/project-9/image_3.jpg]
[alioth-html.pethemes.com/light/img/projects/project-9/image_4.jpg]
[alioth-html.pethemes.com/light/img/projects/project-9/image_5.jpg]
[alioth-html.pethemes.com/light/project-9.html]
[alioth-html.pethemes.com/light/img/projects/project-3/image_1.jpg]
[alioth-html.pethemes.com/light/img/projects/project-3/image_2.jpg]
[alioth-html.pethemes.com/light/img/projects/project-3/image_3.jpg]
[alioth-html.pethemes.com/light/img/projects/project-3/image_4.jpg]
[alioth-html.pethemes.com/light/img/projects/project-3/image_6.jpg]
[alioth-html.pethemes.com/light/img/projects/project-3/image_7.jpg]
[alioth-html.pethemes.com/light/project-3.html]
[alioth-html.pethemes.com/light/img/projects/project-2/project_image_1.jpg]
[alioth-html.pethemes.com/light/img/projects/project-2/project_image_4.jpg]
[alioth-html.pethemes.com/light/img/projects/project-2/project_image_3.jpg]
[alioth-html.pethemes.com/light/img/projects/project-2/project_image_2.jpg]
[alioth-html.pethemes.com/light/img/projects/project-2/project_image_5.jpg]
[alioth-html.pethemes.com/light/img/projects/project-2/project_image_6.jpg]
[alioth-html.pethemes.com/light/img/projects/project-2/project_image_7.jpg]
[alioth-html.pethemes.com/light/img/projects/project-2/project_image_8.jpg]
[alioth-html.pethemes.com/light/project-2.html]
[alioth-html.pethemes.com/light/img/projects/project-1/image_1.jpg]
[alioth-html.pethemes.com/light/img/projects/project-1/image_2.jpg]
[alioth-html.pethemes.com/light/img/projects/project-1/image_3.jpg]
[alioth-html.pethemes.com/light/img/projects/project-1/image_4.jpg]
[alioth-html.pethemes.com/light/project-1.html]
[alioth-html.pethemes.com/light/img/projects/project-1/image_5.jpg]
[alioth-html.pethemes.com/light/img/projects/project-4/image_1.gif]
[alioth-html.pethemes.com/light/img/projects/project-4/image_2.jpg]
[alioth-html.pethemes.com/light/img/projects/project-4/image_3.gif]
[alioth-html.pethemes.com/light/img/projects/project-4/image_4.jpg]
[alioth-html.pethemes.com/light/img/projects/project-4/image_5.gif]
[alioth-html.pethemes.com/light/img/projects/project-4/image_6.jpg]
[alioth-html.pethemes.com/light/project-4.html]
[alioth-html.pethemes.com/light/img/projects/project-8/image_1.jpg]
[alioth-html.pethemes.com/light/img/projects/project-8/image_2.jpg]
[alioth-html.pethemes.com/light/img/projects/project-8/image_3.jpg]
[alioth-html.pethemes.com/light/img/projects/project-8/image_4.jpg]
[alioth-html.pethemes.com/light/img/projects/project-8/image_5.jpg]
[alioth-html.pethemes.com/light/img/projects/project-8/image_6.jpg]
[alioth-html.pethemes.com/light/img/projects/project-8/image_7.jpg]
[alioth-html.pethemes.com/light/img/projects/project-8/image_8.jpg]
[alioth-html.pethemes.com/light/project-8.html]
[alioth-html.pethemes.com/light/img/projects/project-8/image_9.jpg]
[alioth-html.pethemes.com/light/img/projects/project-7/image_1.jpg]
[alioth-html.pethemes.com/light/img/projects/project-7/image_2.jpg]
[alioth-html.pethemes.com/light/img/projects/project-7/image_3.jpg]
[alioth-html.pethemes.com/light/img/projects/project-7/image_4.jpg]
[alioth-html.pethemes.com/light/img/projects/project-7/image_5.jpg]
[alioth-html.pethemes.com/light/img/projects/project-7/image_6.jpg]
[alioth-html.pethemes.com/light/project-7.html]
